-------------------------------------------------------
        FleXScan ver3.1.2 -- purely spatial      
-------------------------------------------------------

Scanning method: Flexible spatial scan.

<STATISTICS>
 Log likelihood ratio with restriction.
 (Pr{X>x}+0.5*Pr{X=x}<0.200000)

Program run on: Fri Oct 19 16:47:09 2018

Purely Spatial analysis
scanning for clusters with
high rates using the Poisson model.

--------------------------------------------------------

SUMMARY OF DATA

Limit length of cluster: 50
Number of census areas.: 281
Total cases ...........: 552

--------------------------------------------------------

MOST LIKELY CLUSTER

1.Census areas included .: 1, 2, 13, 15, 27, 35, 37, 38, 43, 46, 47, 49, 51, 52, 53
  Maximum distance.......: 0.22483    (areas: 27 to 46)
  Number of cases .......: 79
  (Expected number of cases: 36.1025)
  Overall relative risk .: 2.18822
  Statistic value .......: 20.8014
  Monte Carlo rank ......: 1/1000
  P-value ...............: 0.001

--------------------------------------------------------

SECONDARY CLUSTERS

2.Census areas included .: 89, 90
  Maximum distance.......: 0.125172    (areas: 89 to 90)
  Number of cases .......: 13
  (Expected number of cases: 3.46124)
  Overall relative risk .: 3.75588
  Statistic value .......: 7.74784
  Monte Carlo rank ......: 325/1000
  P-value ...............: 0.325

3.Census areas included .: 117, 123, 124, 125, 126
  Maximum distance.......: 0.0229766    (areas: 123 to 126)
  Number of cases .......: 19
  (Expected number of cases: 7.22415)
  Overall relative risk .: 2.63007
  Statistic value .......: 6.72554
  Monte Carlo rank ......: 482/1000
  P-value ...............: 0.482

4.Census areas included .: 111, 119, 216, 217, 219, 220
  Maximum distance.......: 0.0574429    (areas: 119 to 216)
  Number of cases .......: 23
  (Expected number of cases: 10.3451)
  Overall relative risk .: 2.22327
  Statistic value .......: 5.87065
  Monte Carlo rank ......: 651/1000
  P-value ...............: 0.651

5.Census areas included .: 85, 86, 92, 93
  Maximum distance.......: 0.219323    (areas: 85 to 93)
  Number of cases .......: 24
  (Expected number of cases: 11.2449)
  Overall relative risk .: 2.13431
  Statistic value .......: 5.59191
  Monte Carlo rank ......: 717/1000
  P-value ...............: 0.717

6.Census areas included .: 120, 131, 132, 139, 150
  Maximum distance.......: 0.0298024    (areas: 120 to 150)
  Number of cases .......: 9
  (Expected number of cases: 2.60011)
  Overall relative risk .: 3.46139
  Statistic value .......: 4.81257
  Monte Carlo rank ......: 865/1000
  P-value ...............: 0.865

7.Census areas included .: 64, 65, 67
  Maximum distance.......: 0.0249388    (areas: 64 to 65)
  Number of cases .......: 21
  (Expected number of cases: 10.129)
  Overall relative risk .: 2.07325
  Statistic value .......: 4.55025
  Monte Carlo rank ......: 907/1000
  P-value ...............: 0.907

8.Census areas included .: 166, 167
  Maximum distance.......: 0.0116182    (areas: 166 to 167)
  Number of cases .......: 9
  (Expected number of cases: 3.01554)
  Overall relative risk .: 2.98454
  Statistic value .......: 3.88929
  Monte Carlo rank ......: 968/1000
  P-value ...............: 0.968

9.Census areas included .: 265, 266, 281
  Maximum distance.......: 0.0282628    (areas: 265 to 281)
  Number of cases .......: 11
  (Expected number of cases: 4.20808)
  Overall relative risk .: 2.61402
  Statistic value .......: 3.82013
  Monte Carlo rank ......: 972/1000
  P-value ...............: 0.972

10.Census areas included .: 102, 103, 106
  Maximum distance.......: 0.194769    (areas: 102 to 106)
  Number of cases .......: 11
  (Expected number of cases: 4.76234)
  Overall relative risk .: 2.30979
  Statistic value .......: 3.00674
  Monte Carlo rank ......: 998/1000
  P-value ...............: 0.998

11.Census areas included .: 5, 12
  Maximum distance.......: 0.0099488    (areas: 5 to 12)
  Number of cases .......: 6
  (Expected number of cases: 1.88824)
  Overall relative risk .: 3.17757
  Statistic value .......: 2.84034
  Monte Carlo rank ......: 999/1000
  P-value ...............: 0.999

12.Census areas included .: 135, 146, 208, 210
  Maximum distance.......: 0.030934    (areas: 146 to 208)
  Number of cases .......: 12
  (Expected number of cases: 5.59582)
  Overall relative risk .: 2.14446
  Statistic value .......: 2.78814
  Monte Carlo rank ......: 1000/1000
  P-value ...............: 1

*** There are no more secondary clusters ***

--------------------------------------------------------
The statistic value required for an observed
cluster to be significant at level
... 0.01: 14.7024
... 0.05: 11.884

--------------------------------------------------------

PARAMETER SETTINGS

Input Files
-----------
  Case File:        C:\Users\joshu\Documents\Dropbox\Code\GitHub\smerc\tests\flexscan_ny_cases_ex.txt
  Coordinates File: C:\Users\joshu\Documents\Dropbox\Code\GitHub\smerc\tests\flexscan_ny_coords.txt
  Matrix File:      C:\Users\joshu\Documents\Dropbox\Code\GitHub\smerc\tests\flexscan_ny_w.mt0

Analysis
--------
  Type of Analysis     : Purely Spatial
  Probability Model    : Poisson
  <STATISTICS>
   Log likelihood ratio with restriction. (Pr{X>x}+0.5*Pr{X=x}<0.200000)

  Scan for Area with   : High Rates
  Coordinates          : Cartesian

  Number of Replications : 999
  Type of Random number  : Multinomial
  Seed of Random number  : 4586111

Scanning Method
---------------
  Scanning Method :  Flexible scan
  Maximum Spatial Cluster Size : 50 areas

Output
------
  Results File : C:\Users\joshu\Documents\Dropbox\Code\GitHub\smerc\tests\rflex_test_ny_poisson_50nn_cartesian.out
  Criteria for Reporting Secondary Clusters : No Geographical Overlap

--------------------------------------------------------

Program completed  : Fri Oct 19 16:47:10 2018
Total Running Time : 1 seconds
